[backblue.gif]
[fade.gif]
[index.html]
[pioneercoin.com/wp-content/uploads/2017/09/pcoinlogo.png]
[pioneercoin.com/comments/feed/index.html]
[pioneercoin.com/feed/index.html]
[pioneercoin.com/wp-content/themes/jupiter/assets/stylesheet/fonts/star/font.eot]
[pioneercoin.com/wp-content/themes/jupiter/assets/stylesheet/fonts/star/fontd41d.eot]
[pioneercoin.com/wp-content/themes/jupiter/assets/stylesheet/fonts/star/font.woff]
[pioneercoin.com/wp-content/themes/jupiter/assets/stylesheet/fonts/star/font.ttf]
[pioneercoin.com/wp-content/themes/jupiter/assets/stylesheet/fonts/woocommerce/font.eot]
[pioneercoin.com/wp-content/themes/jupiter/assets/stylesheet/fonts/woocommerce/fontd41d.eot]
[pioneercoin.com/wp-content/themes/jupiter/assets/stylesheet/fonts/woocommerce/font.woff]
[pioneercoin.com/wp-content/themes/jupiter/assets/stylesheet/fonts/woocommerce/font.ttf]
[pioneercoin.com/wp-includes/js/jquery/jqueryb8ff.js]
[pioneercoin.com/wp-includes/js/jquery/jquery-migrate.min330a.js]
[pioneercoin.com/wp-content/plugins/LayerSlider/static/layerslider/js/greensockb3a6.js]
[pioneercoin.com/wp-content/plugins/LayerSlider/static/layerslider/js/layerslider.kreaturamedia.jqueryb134.js]
[pioneercoin.com/wp-content/plugins/LayerSlider/static/layerslider/js/layerslider.transitionsb134.js]
[pioneercoin.com/wp-content/plugins/revslider/public/assets/js/jquery.themepunch.tools.min9009.js]
[pioneercoin.com/wp-content/plugins/revslider/public/assets/js/jquery.themepunch.revolution.min9009.js]
[pioneercoin.com/wp-content/themes/jupiter/assets/js/plugins/wp-enqueue/min/webfontloaderfe9d.js]
[pioneercoin.com/wp-content/themes/jupiter/assets/js/plugins/wp-enqueue/min/webfontloader-initfe9d.js]
[pioneercoin.com/wp-content/plugins/Ultimate_VC_Addons/assets/min-js/modernizr-custom.minbcd2.js]
[pioneercoin.com/wp-includes/js/jquery/ui/core.mine899.js]
[pioneercoin.com/wp-content/plugins/Ultimate_VC_Addons/assets/min-js/ultimate.minbcd2.js]
[pioneercoin.com/wp-content/plugins/Ultimate_VC_Addons/assets/min-js/modal-all.minbcd2.js]
[pioneercoin.com/xmlrpc0db0.php]
[pioneercoin.com/wp-includes/wlwmanifest.xml]
[pioneercoin.com/wp-json/index.html]
[pioneercoin.com/wp-json/oembed/1.0/embed918a.json]
[pioneercoin.com/wp-json/oembed/1.0/embed2b59]
[pioneercoin.com/whitepaper.pdf]
[pioneercoin.com/wp-content/uploads/revslider/creative-freedom/Sail-Away.jpg]
[pioneercoin.com/wp-content/uploads/revslider/creative-freedom/Sail-Away.mp4]
[pioneercoin.com/wp-content/uploads/revslider/creative-freedom/creative_bg1.jpg]
[pioneercoin.com/wp-content/uploads/2017/09/1.jpg]
[pioneercoin.com/wp-content/uploads/2017/09/2w6z0ad.png]
[pioneercoin.com/wp-content/uploads/2017/09/hitbtc_logo_on_black_200px-1.png]
[pioneercoin.com/wp-content/uploads/2017/09/tradesatoshi.png]
[pioneercoin.com/wp-content/uploads/2017/09/logo.png]
[pioneercoin.com/wp-content/uploads/2017/09/seller-phone.png]
[pioneercoin.com/wp-content/uploads/2017/09/pcoincoreteam.png]
[pioneercoin.com/wp-content/uploads/2017/09/marketing.png]
[pioneercoin.com/wp-content/uploads/2017/09/mobapp-1024x1024.png]
[pioneercoin.com/wp-content/uploads/2017/09/roadmap.png]
[pioneercoin.com/wp-content/plugins/artbees-captcha/generate-captcha.png]
[pioneercoin.com/wp-content/plugins/gtranslate/switcher.png]
[pioneercoin.com/wp-content/plugins/gtranslate/arrow_down.png]
[pioneercoin.com/wp-content/plugins/gtranslate/arrow_up.png]
[pioneercoin.com/wp-content/plugins/gtranslate/flags/16/en.png]
[pioneercoin.com/wp-content/plugins/gtranslate/flags/16/ar.png]
[pioneercoin.com/wp-content/plugins/gtranslate/flags/16/zh-CN.png]
[pioneercoin.com/wp-content/plugins/gtranslate/flags/16/nl.png]
[pioneercoin.com/wp-content/plugins/gtranslate/flags/16/fr.png]
[pioneercoin.com/wp-content/plugins/gtranslate/flags/16/de.png]
[pioneercoin.com/wp-content/plugins/gtranslate/flags/16/it.png]
[pioneercoin.com/wp-content/plugins/gtranslate/flags/16/pt.png]
[pioneercoin.com/wp-content/plugins/gtranslate/flags/16/ru.png]
[pioneercoin.com/wp-content/plugins/gtranslate/flags/16/es.png]
[translate.google.com/translate_a/element.487876.delayed]
[pioneercoin.com/wp-content/themes/jupiter/assets/js/min/full-scripts1014.js]
[pioneercoin.com/wp-includes/js/wp-embed.minfe9d.js]
[pioneercoin.com/index.html]
[pioneercoin.com/wp-content/plugins/js_composer_theme/assets/js/dist/js_composer_front.min7752.js]
[pioneercoin.com/wp-content/themes/jupiter/assets/images/index.html]
[pioneercoin.com/wp-content/themes/jupiter/assets/js/components-full.js]
[pioneercoin.com/wp-content/themes/jupiter/assets/js/core-scripts.js]
[pioneercoin.com/wp-content/themes/jupiter/assets/js/timestamp.txt]
[pioneercoin.com/wp-content/themes/jupiter/assets/js/index.html]
[pioneercoin.com/wp-content/plugins/gtranslate/24.png]
[pioneercoin.com/wp-content/plugins/gtranslate/24a.png]
[pioneercoin.com/wp-content/plugins/gtranslate/alt_flags.png]
[pioneercoin.com/wp-content/plugins/gtranslate/alt_flagsa.png]
[pioneercoin.com/wp-content/plugins/gtranslate/gtranslate-style24fe9d.css]
[pioneercoin.com/wp-content/plugins/LayerSlider/static/layerslider/css/layersliderb134.css]
[pioneercoin.com/wp-content/plugins/revslider/public/assets/fonts/revicons/revicons90c6.eot]
[pioneercoin.com/wp-content/plugins/revslider/public/assets/fonts/revicons/revicons90c6.woff]
[pioneercoin.com/wp-content/plugins/revslider/public/assets/fonts/revicons/revicons90c6.ttf]
[pioneercoin.com/wp-content/plugins/revslider/public/assets/assets/gridtile.png]
[pioneercoin.com/wp-content/plugins/revslider/public/assets/assets/gridtile_white.png]
[pioneercoin.com/wp-content/plugins/revslider/public/assets/assets/gridtile_3x3.png]
[pioneercoin.com/wp-content/plugins/revslider/public/assets/assets/gridtile_3x3_white.png]
[pioneercoin.com/wp-content/plugins/revslider/public/assets/assets/coloredbg.png]
[pioneercoin.com/wp-content/plugins/revslider/public/assets/assets/loader.gif]
[pioneercoin.com/wp-content/plugins/revslider/public/assets/css/settings9009.css]
[pioneercoin.com/wp-content/themes/jupiter/assets/images/pre_code.gif]
[pioneercoin.com/wp-content/themes/jupiter/assets/images/fancybox/fancybox_sprite.png]
[pioneercoin.com/wp-content/themes/jupiter/assets/images/fancybox/fancybox_loading.gif]
[pioneercoin.com/wp-content/themes/jupiter/assets/images/fancybox/blank.gif]
[pioneercoin.com/wp-content/themes/jupiter/assets/images/fancybox/fancybox_overlay.png]
[pioneercoin.com/wp-content/themes/jupiter/assets/images/fancy-title-pattern.png]
[pioneercoin.com/wp-content/themes/jupiter/assets/stylesheet/min/full-styles1014.css]
[pioneercoin.com/wp-content/themes/jupiter/assets/stylesheet/fonts/star/font.svg]
[pioneercoin.com/wp-content/themes/jupiter/assets/stylesheet/fonts/woocommerce/font.svg]
[pioneercoin.com/wp-content/plugins/js_composer_theme/assets/vc/alert.png]
[pioneercoin.com/wp-content/plugins/js_composer_theme/assets/vc/info.png]
[pioneercoin.com/wp-content/plugins/js_composer_theme/assets/vc/tick.png]
[pioneercoin.com/wp-content/plugins/js_composer_theme/assets/vc/exclamation.png]
[pioneercoin.com/wp-content/plugins/js_composer_theme/assets/images/icons/address-book.png]
[pioneercoin.com/wp-content/plugins/js_composer_theme/assets/images/icons/alarm-clock.png]
[pioneercoin.com/wp-content/plugins/js_composer_theme/assets/images/icons/anchor.png]
[pioneercoin.com/wp-content/plugins/js_composer_theme/assets/images/icons/application-image.png]
[pioneercoin.com/wp-content/plugins/js_composer_theme/assets/images/icons/arrow.png]
[pioneercoin.com/wp-content/plugins/js_composer_theme/assets/images/icons/asterisk.png]
[pioneercoin.com/wp-content/plugins/js_composer_theme/assets/images/icons/auction-hammer.png]
[pioneercoin.com/wp-content/plugins/js_composer_theme/assets/images/icons/balloon.png]
[pioneercoin.com/wp-content/plugins/js_composer_theme/assets/images/icons/balloon-buzz.png]
[pioneercoin.com/wp-content/plugins/js_composer_theme/assets/images/icons/balloon-facebook.png]
[pioneercoin.com/wp-content/plugins/js_composer_theme/assets/images/icons/balloon-twitter.png]
[pioneercoin.com/wp-content/plugins/js_composer_theme/assets/images/icons/battery-full.png]
[pioneercoin.com/wp-content/plugins/js_composer_theme/assets/images/icons/binocular.png]
[pioneercoin.com/wp-content/plugins/js_composer_theme/assets/images/icons/blue-document-excel.png]
[pioneercoin.com/wp-content/plugins/js_composer_theme/assets/images/icons/blue-document-image.png]
[pioneercoin.com/wp-content/plugins/js_composer_theme/assets/images/icons/blue-document-music.png]
[pioneercoin.com/wp-content/plugins/js_composer_theme/assets/images/icons/blue-document-office.png]
[pioneercoin.com/wp-content/plugins/js_composer_theme/assets/images/icons/blue-document-pdf.png]
[pioneercoin.com/wp-content/plugins/js_composer_theme/assets/images/icons/blue-document-powerpoint.png]
[pioneercoin.com/wp-content/plugins/js_composer_theme/assets/images/icons/blue-document-word.png]
[pioneercoin.com/wp-content/plugins/js_composer_theme/assets/images/icons/bookmark.png]
[pioneercoin.com/wp-content/plugins/js_composer_theme/assets/images/icons/camcorder.png]
[pioneercoin.com/wp-content/plugins/js_composer_theme/assets/images/icons/camera.png]
[pioneercoin.com/wp-content/plugins/js_composer_theme/assets/images/icons/chart.png]
[pioneercoin.com/wp-content/plugins/js_composer_theme/assets/images/icons/chart-pie.png]
[pioneercoin.com/wp-content/plugins/js_composer_theme/assets/images/icons/clock.png]
[pioneercoin.com/wp-content/plugins/js_composer_theme/assets/images/icons/control.png]
[pioneercoin.com/wp-content/plugins/js_composer_theme/assets/images/icons/fire.png]
[pioneercoin.com/wp-content/plugins/js_composer_theme/assets/images/icons/heart.png]
[pioneercoin.com/wp-content/plugins/js_composer_theme/assets/images/icons/mail.png]
[pioneercoin.com/wp-content/plugins/js_composer_theme/assets/images/icons/plus-shield.png]
[pioneercoin.com/wp-content/plugins/js_composer_theme/assets/images/icons/video.png]
[pioneercoin.com/wp-content/plugins/js_composer_theme/assets/fonts/vc_icons/fonts/VC-Icons8309.ttf]
[pioneercoin.com/wp-content/plugins/js_composer_theme/assets/fonts/vc_icons/fonts/VC-Icons8309.woff]
[pioneercoin.com/wp-content/plugins/js_composer_theme/assets/images/toggle_open.png]
[pioneercoin.com/wp-content/plugins/js_composer_theme/assets/images/toggle_close.png]
[pioneercoin.com/wp-content/plugins/js_composer_theme/assets/images/flickr.png]
[pioneercoin.com/wp-content/plugins/js_composer_theme/assets/fonts/vc_grid/vc_grid_v157a1.eot]
[pioneercoin.com/wp-content/plugins/js_composer_theme/assets/fonts/vc_grid/vc_grid_v1d41d.eot]
[pioneercoin.com/wp-content/plugins/js_composer_theme/assets/fonts/vc_grid/vc_grid_v157a1.woff]
[pioneercoin.com/wp-content/plugins/js_composer_theme/assets/fonts/vc_grid/vc_grid_v157a1.ttf]
[pioneercoin.com/wp-content/plugins/js_composer_theme/assets/images/spinner.gif]
[pioneercoin.com/wp-content/plugins/js_composer_theme/assets/vc/remove.png]
[pioneercoin.com/wp-content/plugins/js_composer_theme/assets/css/js_composer.min7752.css]
[pioneercoin.com/wp-content/uploads/mk_assets/theme-options-production6011.css]
[pioneercoin.com/wp-content/plugins/masterslider/public/assets/css/common/loading-2.gif]
[pioneercoin.com/wp-content/plugins/masterslider/public/assets/css/common/grab.png]
[pioneercoin.com/wp-content/plugins/masterslider/public/assets/css/common/grabbing.png]
[pioneercoin.com/wp-content/plugins/masterslider/public/assets/css/common/video-close-btn.png]
[pioneercoin.com/wp-content/plugins/masterslider/public/assets/css/skins/light-skin-1.png]
[pioneercoin.com/wp-content/plugins/masterslider/public/assets/css/skins/light-skin-1-retina.png]
[pioneercoin.com/wp-content/plugins/masterslider/public/assets/css/skins/black-skin-1.png]
[pioneercoin.com/wp-content/plugins/masterslider/public/assets/css/skins/black-skin-1-retina.png]
[pioneercoin.com/wp-content/plugins/masterslider/public/assets/css/skins/black-skin-2.png]
[pioneercoin.com/wp-content/plugins/masterslider/public/assets/css/skins/black-skin-2-retina.png]
[pioneercoin.com/wp-content/plugins/masterslider/public/assets/css/skins/light-skin-2.png]
[pioneercoin.com/wp-content/plugins/masterslider/public/assets/css/skins/light-skin-2-retina.png]
[pioneercoin.com/wp-content/plugins/masterslider/public/assets/css/skins/light-skin-3.png]
[pioneercoin.com/wp-content/plugins/masterslider/public/assets/css/skins/light-skin-3-retina.png]
[pioneercoin.com/wp-content/plugins/masterslider/public/assets/css/skins/light-skin-4.png]
[pioneercoin.com/wp-content/plugins/masterslider/public/assets/css/skins/light-skin-4-retina.png]
[pioneercoin.com/wp-content/plugins/masterslider/public/assets/css/skins/light-skin-5.png]
[pioneercoin.com/wp-content/plugins/masterslider/public/assets/css/skins/light-skin-5-retina.png]
[pioneercoin.com/wp-content/plugins/masterslider/public/assets/css/skins/light-skin-6.png]
[pioneercoin.com/wp-content/plugins/masterslider/public/assets/css/skins/light-skin-6-retina.png]
[pioneercoin.com/wp-content/plugins/masterslider/public/assets/css/skins/metro-skin.png]
[pioneercoin.com/wp-content/plugins/masterslider/public/assets/css/skins/metro-skin-retina.png]
[pioneercoin.com/wp-content/plugins/masterslider/public/assets/css/skins/contrast-skin.png]
[pioneercoin.com/wp-content/plugins/masterslider/public/assets/css/skins/contrast-skin-retina.png]
[pioneercoin.com/wp-content/plugins/masterslider/public/assets/css/templates/device-skin.png]
[pioneercoin.com/wp-content/plugins/masterslider/public/assets/css/templates/gallery-btns.png]
[pioneercoin.com/wp-content/plugins/masterslider/public/assets/css/templates/staff-arrows.png]
[pioneercoin.com/wp-content/plugins/masterslider/public/assets/css/templates/vertical-arrows.png]
[pioneercoin.com/wp-content/plugins/masterslider/public/assets/css/masterslider.main55a0.css]
[pioneercoin.com/wp-content/uploads/masterslider/custom4963.css]
[pioneercoin.com/wp-content/uploads/smile_fonts/Defaults/Defaults21ea.eot]
[pioneercoin.com/wp-content/uploads/smile_fonts/Defaults/Defaultsd41d.eot]
[pioneercoin.com/wp-content/uploads/smile_fonts/Defaults/Defaults21ea.woff]
[pioneercoin.com/wp-content/uploads/smile_fonts/Defaults/Defaults21ea.ttf]
[pioneercoin.com/wp-content/uploads/smile_fonts/Defaults/Defaultsfe9d.css]
[pioneercoin.com/wp-content/plugins/Ultimate_VC_Addons/assets/min-css/fonts/ult-silk.eot]
[pioneercoin.com/wp-content/plugins/Ultimate_VC_Addons/assets/min-css/fonts/ult-silk.woff]
[pioneercoin.com/wp-content/plugins/Ultimate_VC_Addons/assets/min-css/fonts/ult-silk.ttf]
[pioneercoin.com/wp-content/plugins/Ultimate_VC_Addons/assets/min-css/ultimate.minbcd2.css]
[pioneercoin.com/wp-content/plugins/Ultimate_VC_Addons/assets/css/fonts/ult-silk.eot]
[pioneercoin.com/wp-content/plugins/Ultimate_VC_Addons/assets/css/fonts/ult-silk.woff]
[pioneercoin.com/wp-content/plugins/Ultimate_VC_Addons/assets/css/fonts/ult-silk.ttf]
[pioneercoin.com/wp-content/plugins/Ultimate_VC_Addons/assets/css/iconsbcd2.css]
[pioneercoin.com/wp-content/plugins/masterslider/public/assets/css/common/grabbing.html]
[pioneercoin.com/wp-content/plugins/masterslider/public/assets/css/common/grab.html]
[pioneercoin.com/wp-json/oembed/1.0/embed68f5.json]
[pioneercoin.com/wp-json/oembed/1.0/embed7d23]
[pioneercoin.com/wp-content/uploads/2017/09/coming-soon-png.png]
[pioneercoin.com/get-pioneer-coin/index.html]
[pioneercoin.com/wp-json/oembed/1.0/embedcc92.json]
[pioneercoin.com/wp-json/oembed/1.0/embed550e]
[pioneercoin.com/wp-content/plugins/js_composer_theme/assets/lib/waypoints/waypoints.min7752.js]
[pioneercoin.com/merchants/index.html]
[pioneercoin.com/wp-json/oembed/1.0/embeda167.json]
[pioneercoin.com/wp-json/oembed/1.0/embed835a]
[pioneercoin.com/wp-content/uploads/2017/09/youtube_logo.png]
[pioneercoin.com/wp-content/uploads/2017/09/twitter_logo.png]
[pioneercoin.com/wp-content/uploads/2017/09/facebook_logo.png]
[pioneercoin.com/wp-content/uploads/2017/09/googleplus_logo.png]
[pioneercoin.com/wp-content/uploads/2017/09/linkedin_logo.png]
[pioneercoin.com/wp-content/uploads/2017/09/pppp.png]
[pioneercoin.com/wp-content/uploads/2017/09/pnews.png]
[pioneercoin.com/wp-content/uploads/2017/09/wiki-2.png]
[pioneercoin.com/wp-content/uploads/2017/09/github_logo-1.png]
[pioneercoin.com/resources/index.html]
[pioneercoin.com/wp-json/oembed/1.0/embed5024.json]
[pioneercoin.com/wp-json/oembed/1.0/embeddb1e]
[pioneercoin.com/wp-content/uploads/2017/09/bigwallet.png]
[pioneercoin.com/our-mission/index.html]
[pioneercoin.com/wp-json/oembed/1.0/embedfc0d.json]
[pioneercoin.com/wp-json/oembed/1.0/embeddb3f]
[pioneercoin.com/wp-content/plugins/js_composer_theme/assets/lib/prettyphoto/js/jquery.prettyPhoto.min7752.js]
[pioneercoin.com/wp-content/plugins/js_composer_theme/assets/lib/owl-carousel2-dist/owl.carousel.min7752.js]
[pioneercoin.com/wp-content/plugins/js_composer_theme/assets/lib/bower/imagesloaded/imagesloaded.pkgd.minfe9d.js]
[pioneercoin.com/wp-includes/js/underscore.min4511.js]
[pioneercoin.com/wp-content/plugins/js_composer_theme/assets/js/dist/vc_grid.min7752.js]
[pioneercoin.com/blog/index.html]
[pioneercoin.com/index.php/merchants/index.html]
[pioneercoin.com/index.php/evolution/index.html]
[pioneercoin.com/wp-json/oembed/1.0/embed000f.json]
[pioneercoin.com/wp-json/oembed/1.0/embedf390]
[pioneercoin.com/how-to-buy-pcoin/index.html]
[pioneercoin.com/wp-json/oembed/1.0/embed64da.json]
[pioneercoin.com/wp-json/oembed/1.0/embed1e3d]
[pioneercoin.com/mining/index.html]
[pioneercoin.com/wp-json/oembed/1.0/embed58f7.json]
[pioneercoin.com/wp-json/oembed/1.0/embedde2e]
[pioneercoin.com/wallet.zip]
[pioneercoin.com/macwallet.zip]
[pioneercoin.com/pioneer-paper.zip]
[pioneercoin.com/pcoin-wallets/index.html]
[pioneercoin.com/wp-json/oembed/1.0/embedc4ed.json]
[pioneercoin.com/wp-json/oembed/1.0/embed8eea]
[pioneercoin.com/wp-content/uploads/2017/09/hitbtc_logo_on_black_200px.png]
[pioneercoin.com/exchangers/index.html]
[pioneercoin.com/wp-json/oembed/1.0/embedc75c.json]
[pioneercoin.com/wp-json/oembed/1.0/embed351d]
[pioneercoin.com/self-development-portal/index.html]
[pioneercoin.com/index.php/resources/index.html]
[translate.google.com/translate_a/element7876.html]
[pioneercoin.com/wp-content/themes/jupiter/assets/js/indexc052.html]
[pioneercoin.com/wp-content/themes/jupiter/assets/js/indexf8a0.html]
[pioneercoin.com/wp-content/themes/jupiter/assets/js/indexbfec.html]
[pioneercoin.com/wp-content/themes/jupiter/assets/js/index30b5.html]
[pioneercoin.com/wp-content/themes/jupiter/assets/index.html]
[pioneercoin.com/wp-content/themes/jupiter/assets/js/min/components-full.js]
[pioneercoin.com/wp-content/themes/jupiter/assets/js/min/core-scripts.js]
[pioneercoin.com/wp-content/themes/jupiter/assets/js/min/full-scripts.js]
[pioneercoin.com/wp-content/themes/jupiter/assets/js/min/index.html]
[pioneercoin.com/wp-content/themes/jupiter/assets/js/plugins/index.html]
[pioneercoin.com/wp-content/plugins/revslider/public/assets/fonts/revicons/revicons90c6.svg]
[pioneercoin.com/wp-content/plugins/revslider/public/assets/css/openhand.html]
[pioneercoin.com/wp-content/plugins/revslider/public/assets/css/closedhand.html]
[pioneercoin.com/wp-content/themes/jupiter/images/selectbox-arrow.html]
[pioneercoin.com/wp-content/themes/jupiter/images/social-icons/twitter-blue.html]
[pioneercoin.com/wp-content/themes/jupiter/assets/stylesheet/add-icon.html]
[pioneercoin.com/wp-content/themes/jupiter/assets/stylesheet/pin-icon.html]
[pioneercoin.com/wp-content/plugins/js_composer_theme/assets/fonts/vc_icons/fonts/VC-Icons8309.svg]
[pioneercoin.com/wp-content/plugins/js_composer_theme/assets/fonts/vc_grid/vc_grid_v157a1.svg]
[pioneercoin.com/wp-content/plugins/masterslider/public/assets/css/skins/minimal.svg]
[pioneercoin.com/wp-content/uploads/smile_fonts/Defaults/Defaults21ea.svg]
[pioneercoin.com/wp-content/plugins/Ultimate_VC_Addons/assets/min-css/fonts/ult-silk.svg]
[pioneercoin.com/wp-content/plugins/Ultimate_VC_Addons/assets/css/fonts/ult-silk.svg]
[pioneercoin.com/index5e74.html]
[pioneercoin.com/index.php/pcoin-wallets/index.html]
[pioneercoin.com/index.php/exchangers/index.html]
[pioneercoin.com/index7760.html]
[pioneercoin.com/wp-content/plugins/js_composer_theme/assets/lib/bower/animate-css/animate.min7752.css]
[pioneercoin.com/index9873.html]
[pioneercoin.com/index.php/blog/index.html]
[pioneercoin.com/index85b0.html]
[pioneercoin.com/index20a4.html]
[pioneercoin.com/wp-content/plugins/js_composer_theme/assets/lib/prettyphoto/images/prettyPhoto/default/sprite.png]
[pioneercoin.com/wp-content/plugins/js_composer_theme/assets/lib/prettyphoto/images/prettyPhoto/default/sprite_x.png]
[pioneercoin.com/wp-content/plugins/js_composer_theme/assets/lib/prettyphoto/images/prettyPhoto/default/sprite_y.png]
[pioneercoin.com/wp-content/plugins/js_composer_theme/assets/lib/prettyphoto/images/prettyPhoto/default/sprite_next.png]
[pioneercoin.com/wp-content/plugins/js_composer_theme/assets/lib/prettyphoto/images/prettyPhoto/default/sprite_prev.png]
[pioneercoin.com/wp-content/plugins/js_composer_theme/assets/lib/prettyphoto/images/prettyPhoto/default/default_thumb.png]
[pioneercoin.com/wp-content/plugins/js_composer_theme/assets/lib/prettyphoto/images/prettyPhoto/default/loader.gif]
[pioneercoin.com/wp-content/plugins/js_composer_theme/assets/lib/prettyphoto/images/prettyPhoto/light_rounded/sprite.png]
[pioneercoin.com/wp-content/plugins/js_composer_theme/assets/lib/prettyphoto/images/prettyPhoto/light_rounded/btnNext.png]
[pioneercoin.com/wp-content/plugins/js_composer_theme/assets/lib/prettyphoto/images/prettyPhoto/light_rounded/btnPrevious.png]
[pioneercoin.com/wp-content/plugins/js_composer_theme/assets/lib/prettyphoto/images/prettyPhoto/light_rounded/loader.gif]
[pioneercoin.com/wp-content/plugins/js_composer_theme/assets/lib/prettyphoto/images/prettyPhoto/dark_rounded/sprite.png]
[pioneercoin.com/wp-content/plugins/js_composer_theme/assets/lib/prettyphoto/images/prettyPhoto/dark_rounded/contentPattern.png]
[pioneercoin.com/wp-content/plugins/js_composer_theme/assets/lib/prettyphoto/images/prettyPhoto/dark_rounded/btnNext.png]
[pioneercoin.com/wp-content/plugins/js_composer_theme/assets/lib/prettyphoto/images/prettyPhoto/dark_rounded/btnPrevious.png]
[pioneercoin.com/wp-content/plugins/js_composer_theme/assets/lib/prettyphoto/images/prettyPhoto/dark_rounded/loader.gif]
[pioneercoin.com/wp-content/plugins/js_composer_theme/assets/lib/prettyphoto/images/prettyPhoto/dark_square/loader.gif]
[pioneercoin.com/wp-content/plugins/js_composer_theme/assets/lib/prettyphoto/images/prettyPhoto/dark_square/sprite.png]
[pioneercoin.com/wp-content/plugins/js_composer_theme/assets/lib/prettyphoto/images/prettyPhoto/dark_square/btnNext.png]
[pioneercoin.com/wp-content/plugins/js_composer_theme/assets/lib/prettyphoto/images/prettyPhoto/dark_square/btnPrevious.png]
[pioneercoin.com/wp-content/plugins/js_composer_theme/assets/lib/prettyphoto/images/prettyPhoto/light_square/sprite.png]
[pioneercoin.com/wp-content/plugins/js_composer_theme/assets/lib/prettyphoto/images/prettyPhoto/light_square/btnNext.png]
[pioneercoin.com/wp-content/plugins/js_composer_theme/assets/lib/prettyphoto/images/prettyPhoto/light_square/btnPrevious.png]
[pioneercoin.com/wp-content/plugins/js_composer_theme/assets/lib/prettyphoto/images/prettyPhoto/facebook/sprite.png]
[pioneercoin.com/wp-content/plugins/js_composer_theme/assets/lib/prettyphoto/images/prettyPhoto/facebook/contentPatternTop.png]
[pioneercoin.com/wp-content/plugins/js_composer_theme/assets/lib/prettyphoto/images/prettyPhoto/facebook/contentPatternLeft.png]
[pioneercoin.com/wp-content/plugins/js_composer_theme/assets/lib/prettyphoto/images/prettyPhoto/facebook/contentPatternRight.png]
[pioneercoin.com/wp-content/plugins/js_composer_theme/assets/lib/prettyphoto/images/prettyPhoto/facebook/loader.gif]
[pioneercoin.com/wp-content/plugins/js_composer_theme/assets/lib/prettyphoto/images/prettyPhoto/facebook/btnNext.png]
[pioneercoin.com/wp-content/plugins/js_composer_theme/assets/lib/prettyphoto/images/prettyPhoto/facebook/btnPrevious.png]
[pioneercoin.com/wp-content/plugins/js_composer_theme/assets/lib/prettyphoto/images/prettyPhoto/facebook/contentPatternBottom.png]
[pioneercoin.com/wp-content/plugins/js_composer_theme/assets/lib/prettyphoto/images/prettyPhoto/facebook/default_thumbnail.gif]
[pioneercoin.com/wp-content/plugins/js_composer_theme/assets/lib/prettyphoto/css/prettyPhoto.min7752.css]
[pioneercoin.com/wp-content/plugins/js_composer_theme/assets/lib/owl-carousel2-dist/assets/owl.video.play.png]
[pioneercoin.com/wp-content/plugins/js_composer_theme/assets/lib/owl-carousel2-dist/assets/owl.min7752.css]
[pioneercoin.com/evolution/index.html]
[pioneercoin.com/index5355.html]
[pioneercoin.com/index3e1b.html]
[pioneercoin.com/index4c85.html]
[pioneercoin.com/Pioneercoin-qt-ubuntu64.html]
[pioneercoin.com/macwallet.zip]
